{
    "artifact_types": {
        "collections": "collections/"
    },
    "name": "index.json",
    "_node_type": "IndexJsonNode"
}