<!-- coleslaw start default-before-extends template "<TemplateReference 'collection_version_docs_blob.html.j2'>" -->

<!-- coleslaw start base template="<TemplateReference 'collection_version_docs_blob.html.j2'>" -->
<!DOCTYPE html>
<html lang="en">
<!-- coleslaw start base-after-html template="<TemplateReference 'collection_version_docs_blob.html.j2'>" -->
<head>
    
    
    <!-- coleslaw start template "<TemplateReference 'head_block.html.j2'>" -->
<!-- Required meta tags -->
<meta charset="utf-8">
<meta name="viewport" content="width=device-width, initial-scale=1, shrink-to-fit=no">

<!-- Bootstrap CSS -->
<link href="https://stackpath.bootstrapcdn.com/bootswatch/4.5.0/spacelab/bootstrap.min.css"
        rel="stylesheet"
        integrity="sha384-sIQOcNYer0kt7oTyFe/YrGzKMFP/qxsJbXTxq0/uiZQgpwXwEu41sVz2M61lWbai"
        crossorigin="anonymous">
<!-- Bootstrap-table -->
<link href="https://unpkg.com/bootstrap-table@1.17.1/dist/bootstrap-table.min.css" rel="stylesheet">
<!-- prism syntax highlighting -->
<link href="https://cdn.jsdelivr.net/npm/prismjs@1.20.0/themes/prism.css" rel="stylesheet" />
<!-- coleslaw end template="<TemplateReference 'head_block.html.j2'>" -->
    <title>docs_blob</title>
    

</head>
<body>
    <div id="content">

    <!-- coleslaw start template="<TemplateReference 'navbar.html.j2'>"  -->
<nav class="navbar navbar-expand-lg navbar-dark bg-primary">
  <a class="navbar-brand" href="#">Coleslaw</a>
  <button class="navbar-toggler" type="button" data-toggle="collapse" data-target="#navbarColor01" aria-controls="navbarColor01" aria-expanded="false" aria-label="Toggle navigation">
    <span class="navbar-toggler-icon"></span>
  </button>

  <div class="collapse navbar-collapse" id="navbarColor01">
    <ul class="navbar-nav mr-auto">
      <li class="nav-item active">
        <a class="nav-link" href="#">Home <span class="sr-only">(current)</span></a>
      </li>
      <li class="nav-item">
        <a class="nav-link" href="https://github.com/alikins/coleslaw">About</a>
      </li>
    </ul>
    <span class="badge badge-primary">Coleslaw</span>
  </div>
</nav>
<!-- coleslaw end template="<TemplateReference 'navbar.html.j2'> -->
    <!-- coleslaw start template="<TemplateReference 'breadcrumb.html.j2'>" -->
<nav aria-label="breadcrumb">
<ol class="breadcrumb">

    <li class="breadcrumb-item"><a href="../../../../../../../../../index.html">home</a></li>

    <li class="breadcrumb-item"><a href="../../../../../../../../index.html">content</a></li>

    <li class="breadcrumb-item"><a href="../../../../../../../index.html">golden</a></li>

    <li class="breadcrumb-item"><a href="../../../../../../index.html">v3</a></li>

    <li class="breadcrumb-item"><a href="../../../../../index.html">collections</a></li>

    <li class="breadcrumb-item"><a href="../../../../index.html">alikins</a></li>

    <li class="breadcrumb-item"><a href="../../../index.html">collection_inspect</a></li>

    <li class="breadcrumb-item"><a href="../../index.html">versions</a></li>

    <li class="breadcrumb-item"><a href="../index.html">0.0.173</a></li>

    <li class="breadcrumb-item"><a href="index.html">docs_blob</a></li>

<li class="breadcrumb-item"><a href="index.html">index.html</a></li>
</ol>
</nav>
<!-- coleslaw end template="<TemplateReference 'breadcrumb.html.j2'>" -->

<div class="container">

<pre>
{'collection_readme': {'html': '<p>some tools for inspecting how collection '
                               'loading works</p>',
                       'name': 'README.md'},
 'contents': [{'content_name': 'test_collection_inspect',
               'content_type': 'role',
               'doc_strings': {},
               'readme_file': 'README.md',
               'readme_html': '<h1>Test collection_inspect</h1>\n'
                              '<p>Test alikins.collection_inspect '
                              'collection</p>\n'
                              '<h2>Requirements</h2>\n'
                              '<p>Any pre-requisites that may not be covered '
                              'by Ansible itself or the role should be '
                              'mentioned here. For instance, if the role uses '
                              'the EC2 module, it may be a good idea to '
                              'mention in this section that the boto package '
                              'is required.</p>\n'
                              '<h2>Role Variables</h2>\n'
                              '<p>A description of the settable variables for '
                              'this role should go here, including any '
                              'variables that are in defaults/main.yml, '
                              'vars/main.yml, and any variables that '
                              'can/should be set via parameters to the role. '
                              'Any variables that are read from other roles '
                              'and/or the global scope (ie. hostvars, group '
                              'vars, etc.) should be mentioned here as '
                              'well.</p>\n'
                              '<h2>Dependencies</h2>\n'
                              '<p>A list of other roles hosted on Galaxy '
                              'should go here, plus any details in regards to '
                              'parameters that may need to be set for other '
                              'roles, or variables that are used from other '
                              'roles.</p>\n'
                              '<h2>Example Playbook</h2>\n'
                              '<p>Including an example of how to use your role '
                              '(for instance, with variables passed in as '
                              'parameters) is always nice for users too:</p>\n'
                              '<pre><code>- hosts: servers\n'
                              '  roles:\n'
                              '     - { role: username.rolename, x: 42 }\n'
                              '</code></pre>\n'
                              '<h2>License</h2>\n'
                              '<p>MIT</p>\n'
                              '<h2>Author Information</h2>\n'
                              '<p>An optional section for the role authors to '
                              'include contact information, or a website (HTML '
                              'is not allowed).</p>'},
              {'content_name': 'get_collection_inspect',
               'content_type': 'module',
               'doc_strings': None,
               'readme_file': None,
               'readme_html': None},
              {'content_name': 'collection_inspect',
               'content_type': 'module',
               'doc_strings': None,
               'readme_file': None,
               'readme_html': None},
              {'content_name': 'collection_inspect_no_module_utils',
               'content_type': 'module',
               'doc_strings': None,
               'readme_file': None,
               'readme_html': None},
              {'content_name': 'collection_inspect',
               'content_type': 'module_utils',
               'doc_strings': None,
               'readme_file': None,
               'readme_html': None},
              {'content_name': 'collection_inspect',
               'content_type': 'action',
               'doc_strings': None,
               'readme_file': None,
               'readme_html': None},
              {'content_name': 'collection_inspect',
               'content_type': 'callback',
               'doc_strings': {'doc': {'callback': 'minimal',
                                       'description': ['This is the default '
                                                       'output callback used '
                                                       'by the ansible command '
                                                       '(ad-hoc)'],
                                       'filename': '/tmp/tmpf_x372zr/ansible_collections/alikins/collection_inspect/plugins/callback/collection_inspect.py',
                                       'short_description': 'minimal Ansible '
                                                            'screen output',
                                       'type': 'stdout',
                                       'version_added': 'historical'},
                               'examples': None,
                               'metadata': {'status': ['preview'],
                                            'supported_by': 'community'},
                               'return': None},
               'readme_file': None,
               'readme_html': None},
              {'content_name': 'collection_inspect',
               'content_type': 'filter',
               'doc_strings': None,
               'readme_file': None,
               'readme_html': None},
              {'content_name': 'collection_inspect',
               'content_type': 'lookup',
               'doc_strings': {'doc': {'author': 'Adrian Likins '
                                                 '<alikins@redhat.com>',
                                       'description': ['Inspect and introspect '
                                                       'info about this '
                                                       'plugin, loader, and '
                                                       'collection'],
                                       'filename': '/tmp/tmpf_x372zr/ansible_collections/alikins/collection_inspect/plugins/lookup/collection_inspect.py',
                                       'lookup': 'collection_inspect',
                                       'options': [{'description': 'unused '
                                                                   'list',
                                                    'name': '_terms',
                                                    'required': False}],
                                       'short_description': 'report info about '
                                                            'where this plugin '
                                                            'was loaded from',
                                       'version_added': '2.8'},
                               'examples': '\n'
                                           '- debug: msg="This plugin: {{ '
                                           "lookup('collection_inspect','dummy') "
                                           '}} "\n',
                               'metadata': {'status': ['preview'],
                                            'supported_by': 'community'},
                               'return': [{'description': ['values about the '
                                                           "plugin and it's "
                                                           'collection.'],
                                           'name': '_raw',
                                           'type': 'list'}]},
               'readme_file': None,
               'readme_html': None},
              {'content_name': 'collection_inspect',
               'content_type': 'vars',
               'doc_strings': {'doc': {'description': ['Loads YAML vars into '
                                                       'corresponding '
                                                       'groups/hosts in '
                                                       'group_vars/ and '
                                                       'host_vars/ '
                                                       'directories.',
                                                       'Files are restricted '
                                                       'by extension to one of '
                                                       '.yaml, .json, .yml or '
                                                       'no extension.',
                                                       'Hidden (starting with '
                                                       "'.') and backup "
                                                       "(ending with '~') "
                                                       'files and directories '
                                                       'are ignored.',
                                                       'Only applies to '
                                                       'inventory sources that '
                                                       'are existing paths.'],
                                       'filename': '/tmp/tmpf_x372zr/ansible_collections/alikins/collection_inspect/plugins/vars/collection_inspect.py',
                                       'options': [{'default': ['.yml',
                                                                '.yaml',
                                                                '.json'],
                                                    'description': ['Check all '
                                                                    'of these '
                                                                    'extensions '
                                                                    'when '
                                                                    'looking '
                                                                    'for '
                                                                    "'variable' "
                                                                    'files '
                                                                    'which '
                                                                    'should be '
                                                                    'YAML or '
                                                                    'JSON or '
                                                                    'vaulted '
                                                                    'versions '
                                                                    'of these.',
                                                                    'This '
                                                                    'affects '
                                                                    'vars_files, '
                                                                    'include_vars, '
                                                                    'inventory '
                                                                    'and vars '
                                                                    'plugins '
                                                                    'among '
                                                                    'others.'],
                                                    'env': [{'name': 'ANSIBLE_YAML_FILENAME_EXT'}],
                                                    'ini': [{'key': 'defaults',
                                                             'section': 'yaml_valid_extensions'}],
                                                    'name': '_valid_extensions',
                                                    'type': 'list'}],
                                       'short_description': 'In charge of '
                                                            'loading '
                                                            'group_vars and '
                                                            'host_vars',
                                       'vars': 'host_group_vars',
                                       'version_added': '2.4'},
                               'examples': None,
                               'metadata': {'status': ['preview'],
                                            'supported_by': 'community'},
                               'return': None},
               'readme_file': None,
               'readme_html': None}],
 'documentation_files': [],
 'execution_environment': {}}
</pre>

<pre>
{
    "collection_readme": {
        "html": "\u003cp\u003esome tools for inspecting how collection loading works\u003c/p\u003e",
        "name": "README.md"
    },
    "contents": [
        {
            "content_name": "test_collection_inspect",
            "content_type": "role",
            "doc_strings": {},
            "readme_file": "README.md",
            "readme_html": "\u003ch1\u003eTest collection_inspect\u003c/h1\u003e\n\u003cp\u003eTest alikins.collection_inspect collection\u003c/p\u003e\n\u003ch2\u003eRequirements\u003c/h2\u003e\n\u003cp\u003eAny pre-requisites that may not be covered by Ansible itself or the role should be mentioned here. For instance, if the role uses the EC2 module, it may be a good idea to mention in this section that the boto package is required.\u003c/p\u003e\n\u003ch2\u003eRole Variables\u003c/h2\u003e\n\u003cp\u003eA description of the settable variables for this role should go here, including any variables that are in defaults/main.yml, vars/main.yml, and any variables that can/should be set via parameters to the role. Any variables that are read from other roles and/or the global scope (ie. hostvars, group vars, etc.) should be mentioned here as well.\u003c/p\u003e\n\u003ch2\u003eDependencies\u003c/h2\u003e\n\u003cp\u003eA list of other roles hosted on Galaxy should go here, plus any details in regards to parameters that may need to be set for other roles, or variables that are used from other roles.\u003c/p\u003e\n\u003ch2\u003eExample Playbook\u003c/h2\u003e\n\u003cp\u003eIncluding an example of how to use your role (for instance, with variables passed in as parameters) is always nice for users too:\u003c/p\u003e\n\u003cpre\u003e\u003ccode\u003e- hosts: servers\n  roles:\n     - { role: username.rolename, x: 42 }\n\u003c/code\u003e\u003c/pre\u003e\n\u003ch2\u003eLicense\u003c/h2\u003e\n\u003cp\u003eMIT\u003c/p\u003e\n\u003ch2\u003eAuthor Information\u003c/h2\u003e\n\u003cp\u003eAn optional section for the role authors to include contact information, or a website (HTML is not allowed).\u003c/p\u003e"
        },
        {
            "content_name": "get_collection_inspect",
            "content_type": "module",
            "doc_strings": null,
            "readme_file": null,
            "readme_html": null
        },
        {
            "content_name": "collection_inspect",
            "content_type": "module",
            "doc_strings": null,
            "readme_file": null,
            "readme_html": null
        },
        {
            "content_name": "collection_inspect_no_module_utils",
            "content_type": "module",
            "doc_strings": null,
            "readme_file": null,
            "readme_html": null
        },
        {
            "content_name": "collection_inspect",
            "content_type": "module_utils",
            "doc_strings": null,
            "readme_file": null,
            "readme_html": null
        },
        {
            "content_name": "collection_inspect",
            "content_type": "action",
            "doc_strings": null,
            "readme_file": null,
            "readme_html": null
        },
        {
            "content_name": "collection_inspect",
            "content_type": "callback",
            "doc_strings": {
                "doc": {
                    "callback": "minimal",
                    "description": [
                        "This is the default output callback used by the ansible command (ad-hoc)"
                    ],
                    "filename": "/tmp/tmpf_x372zr/ansible_collections/alikins/collection_inspect/plugins/callback/collection_inspect.py",
                    "short_description": "minimal Ansible screen output",
                    "type": "stdout",
                    "version_added": "historical"
                },
                "examples": null,
                "metadata": {
                    "status": [
                        "preview"
                    ],
                    "supported_by": "community"
                },
                "return": null
            },
            "readme_file": null,
            "readme_html": null
        },
        {
            "content_name": "collection_inspect",
            "content_type": "filter",
            "doc_strings": null,
            "readme_file": null,
            "readme_html": null
        },
        {
            "content_name": "collection_inspect",
            "content_type": "lookup",
            "doc_strings": {
                "doc": {
                    "author": "Adrian Likins \u003calikins@redhat.com\u003e",
                    "description": [
                        "Inspect and introspect info about this plugin, loader, and collection"
                    ],
                    "filename": "/tmp/tmpf_x372zr/ansible_collections/alikins/collection_inspect/plugins/lookup/collection_inspect.py",
                    "lookup": "collection_inspect",
                    "options": [
                        {
                            "description": "unused list",
                            "name": "_terms",
                            "required": false
                        }
                    ],
                    "short_description": "report info about where this plugin was loaded from",
                    "version_added": "2.8"
                },
                "examples": "\n- debug: msg=\"This plugin: {{ lookup(\u0027collection_inspect\u0027,\u0027dummy\u0027) }} \"\n",
                "metadata": {
                    "status": [
                        "preview"
                    ],
                    "supported_by": "community"
                },
                "return": [
                    {
                        "description": [
                            "values about the plugin and it\u0027s collection."
                        ],
                        "name": "_raw",
                        "type": "list"
                    }
                ]
            },
            "readme_file": null,
            "readme_html": null
        },
        {
            "content_name": "collection_inspect",
            "content_type": "vars",
            "doc_strings": {
                "doc": {
                    "description": [
                        "Loads YAML vars into corresponding groups/hosts in group_vars/ and host_vars/ directories.",
                        "Files are restricted by extension to one of .yaml, .json, .yml or no extension.",
                        "Hidden (starting with \u0027.\u0027) and backup (ending with \u0027~\u0027) files and directories are ignored.",
                        "Only applies to inventory sources that are existing paths."
                    ],
                    "filename": "/tmp/tmpf_x372zr/ansible_collections/alikins/collection_inspect/plugins/vars/collection_inspect.py",
                    "options": [
                        {
                            "default": [
                                ".yml",
                                ".yaml",
                                ".json"
                            ],
                            "description": [
                                "Check all of these extensions when looking for \u0027variable\u0027 files which should be YAML or JSON or vaulted versions of these.",
                                "This affects vars_files, include_vars, inventory and vars plugins among others."
                            ],
                            "env": [
                                {
                                    "name": "ANSIBLE_YAML_FILENAME_EXT"
                                }
                            ],
                            "ini": [
                                {
                                    "key": "defaults",
                                    "section": "yaml_valid_extensions"
                                }
                            ],
                            "name": "_valid_extensions",
                            "type": "list"
                        }
                    ],
                    "short_description": "In charge of loading group_vars and host_vars",
                    "vars": "host_group_vars",
                    "version_added": "2.4"
                },
                "examples": null,
                "metadata": {
                    "status": [
                        "preview"
                    ],
                    "supported_by": "community"
                },
                "return": null
            },
            "readme_file": null,
            "readme_html": null
        }
    ],
    "documentation_files": [],
    "execution_environment": {}
}
</pre>


</div>
</div>
    <div id="links"><!-- coleslaw start siblings template="<TemplateReference 'sibling_links.html.j2'>" -->
<ul class="nav">

    
    
    <li class="nav-item">
    <a class="nav-link" href="index.json">index.json</a>
    </li>

</ul>
<!-- coleslaw end siblings template="<TemplateReference 'sibling_links.html.j2'>" --></div>
    <div id="footer">
        
    <!-- coleslaw start template "<TemplateReference 'javascript.html.j2'>" -->
<!-- Optional JavaScript -->
<!-- jQuery first, then Popper.js, then Bootstrap JS -->
<script src="https://code.jquery.com/jquery-3.5.1.slim.min.js" integrity="sha384-DfXdz2htPH0lsSSs5nCTpuj/zy4C+OGpamoFVy38MVBnE+IbbVYUew+OrCXaRkfj" crossorigin="anonymous"></script>

<script src="https://cdn.jsdelivr.net/npm/popper.js@1.16.0/dist/umd/popper.min.js" integrity="sha384-Q6E9RHvbIyZFJoft+2mJbHaEWldlvI9IOYy5n3zV9zzTtmI3UksdQRVvoxMfooAo" crossorigin="anonymous"></script>

<script src="https://stackpath.bootstrapcdn.com/bootstrap/4.5.0/js/bootstrap.min.js" integrity="sha384-OgVRvuATP1z7JjHLkuOU7Xw704+h835Lr+6QL9UvYjZE3Ipu6Tp75j7Bh/kR0JKI" crossorigin="anonymous"></script>

<script src="https://unpkg.com/bootstrap-table@1.17.1/dist/bootstrap-table.min.js"></script>

<!-- prism syntax highlighting -->
<script src="https://cdn.jsdelivr.net/npm/prismjs@1.20.0/components/prism-core.min.js"></script>
<script src="https://cdn.jsdelivr.net/npm/prismjs@1.20.0/plugins/autoloader/prism-autoloader.min.js"></script>
<!-- coleslaw end template "<TemplateReference 'javascript.html.j2'>" -->

    </div>
</body>
<!-- coleslaw end base-before-end-html template="<TemplateReference 'collection_version_docs_blob.html.j2'>" -->
</html>
<!-- coleslaw end base template="<TemplateReference 'collection_version_docs_blob.html.j2'>" -->